
> consencionaria-app@0.1.0 build
> next build

node.exe : [@sentry/nextjs] WARNING: You are using the Sentry SDK with `next build --turbo`. The Sentry SDK doesn't 
yet fully support Turbopack. The SDK will not be loaded in the browser, and serverside instrumentation will be 
inaccurate or incomplete. If you are just trying out Sentry or attempting to configure the SDK, we recommend 
temporarily removing the `--turbo` flag while you are developing locally. Follow this issue for progress on Sentry + 
Turbopack: https://github.com/getsentry/sentry-javascript/issues/8105. (You can suppress this warning by setting 
SENTRY_SUPPRESS_TURBOPACK_WARNING=1 as environment variable)
En línea: 1 Carácter: 1
+ & "C:\Program Files\nodejs/node.exe" "C:\Program Files\nodejs/node_mo ...
+ ~~~~~~~~~~~~~~~~~~~~~~~~~~~~~~~~~~~~~~~~~~~~~~~~~~~~~~~~~~~~~~~~~~~~~
    + CategoryInfo          : NotSpecified: ([@sentry/nextjs...nment variable):String) [], RemoteException
    + FullyQualifiedErrorId : NativeCommandError
 
ÔÜá Found lockfile missing swc dependencies, run next locally to automatically patch
Ôû▓ Next.js 16.2.4 (Turbopack)
- Environments: .env.local, .env.production, .env
- Experiments (use with caution):
  ┬À clientTraceMetadata
  ┬À serverActions

ÔÜá The "middleware" file convention is deprecated. Please use "proxy" instead. Learn more: 
https://nextjs.org/docs/messages/middleware-to-proxy
  Creating an optimized production build ...
[@sentry/nextjs] WARNING: You are using the Sentry SDK with `next build --turbo`. The Sentry SDK doesn't yet fully 
support Turbopack. The SDK will not be loaded in the browser, and serverside instrumentation will be inaccurate or 
incomplete. If you are just trying out Sentry or attempting to configure the SDK, we recommend temporarily removing 
the `--turbo` flag while you are developing locally. Follow this issue for progress on Sentry + Turbopack: 
https://github.com/getsentry/sentry-javascript/issues/8105. (You can suppress this warning by setting 
SENTRY_SUPPRESS_TURBOPACK_WARNING=1 as environment variable)
ÔÜá Found lockfile missing swc dependencies, run next locally to automatically patch
Ô£ô Compiled successfully in 7.5s
  Running TypeScript ...
  Finished TypeScript in 7.4s ...
  Collecting page data using 11 workers ...
  Generating static pages using 11 workers (0/19) ...
  Generating static pages using 11 workers (4/19) 
ÔÜá Found lockfile missing swc dependencies, run next locally to automatically patch
  Generating static pages using 11 workers (9/19) 
  Generating static pages using 11 workers (14/19) 
Ô£ô Generating static pages using 11 workers (19/19) in 390ms
  Finalizing page optimization ...

Route (app)
Ôöî ãÆ /
Ôö£ Ôùï /_not-found
Ôö£ ãÆ /api/analytics
Ôö£ ãÆ /api/auth/[...nextauth]
Ôö£ ãÆ /api/auth/register
Ôö£ ãÆ /api/billing/checkout
Ôö£ ãÆ /api/billing/portal
Ôö£ ãÆ /api/blob
Ôö£ ãÆ /api/deals
Ôö£ ãÆ /api/deals/[id]
Ôö£ ãÆ /api/expenses
Ôö£ ãÆ /api/expenses/[id]
Ôö£ ãÆ /api/health
Ôö£ ãÆ /api/leads
Ôö£ ãÆ /api/leads/[id]
Ôö£ ãÆ /api/leads/[id]/activities
Ôö£ ãÆ /api/leads/[id]/tasks
Ôö£ ãÆ /api/repair
Ôö£ ãÆ /api/search
Ôö£ ãÆ /api/settings/company
Ôö£ ãÆ /api/settings/user
Ôö£ ãÆ /api/units
Ôö£ ãÆ /api/units/[id]
Ôö£ ãÆ /api/units/[id]/costs
Ôö£ ãÆ /api/units/[id]/costs/[costId]
Ôö£ ãÆ /api/users
Ôö£ ãÆ /api/webhooks/stripe
Ôö£ ãÆ /api/whatsapp/templates
Ôö£ ãÆ /app/dashboard
Ôö£ ãÆ /app/deals
Ôö£ ãÆ /app/deals/[id]
Ôö£ ãÆ /app/deals/new
Ôö£ ãÆ /app/expenses
Ôö£ ãÆ /app/leads
Ôö£ ãÆ /app/leads/[id]
Ôö£ ãÆ /app/leads/new
Ôö£ ãÆ /app/leads/quick
Ôö£ ãÆ /app/settings
Ôö£ ãÆ /app/settings/billing
Ôö£ ãÆ /app/team
Ôö£ ãÆ /app/units
Ôö£ ãÆ /app/units/[id]
Ôö£ ãÆ /app/units/new
Ôö£ Ôùï /login
Ôö£ Ôùï /register
Ôöö ãÆ /u/[id]


ãÆ Proxy (Middleware)

Ôùï  (Static)   prerendered as static content
ãÆ  (Dynamic)  server-rendered on demand

